// Jest Snapshot v1, https://goo.gl/fbAQLP

exports[`Auth middleware works 1`] = `
Object {
  "userName": "curry",
}
`;
